../examples/upnp/UPnP.c:50:13:SSDPProcess	48	static
../examples/upnp/UPnP.c:103:13:GetDescriptionProcess	32	static
../examples/upnp/UPnP.c:172:13:SetEventing	32	static
../examples/upnp/UPnP.c:234:6:eventing_listener	48	static
../examples/upnp/UPnP.c:277:14:DeletePortProcess	40	static
../examples/upnp/UPnP.c:348:14:AddPortProcess	48	static
../examples/upnp/UPnP.c:424:13:parseHTTP	24	static
../examples/upnp/UPnP.c:443:13:parseSSDP	40	static
../examples/upnp/UPnP.c:497:13:parseDescription	64	static
../examples/upnp/UPnP.c:540:6:parseEventing	136	static
../examples/upnp/UPnP.c:590:14:parseError	88	static
../examples/upnp/UPnP.c:640:14:parseDeletePort	16	static
../examples/upnp/UPnP.c:655:14:parseAddPort	16	static
../examples/upnp/UPnP.c:666:15:ATOI32	32	static
../examples/upnp/UPnP.c:675:6:itoa2	24	static
../examples/upnp/UPnP.c:688:5:ValidATOI	32	static
../examples/upnp/UPnP.c:707:6:replacetochar	24	static
../examples/upnp/UPnP.c:715:6:C2D	16	static
../examples/upnp/UPnP.c:734:6:VerifyIPAddress_orig	80	static
../examples/upnp/UPnP.c:768:6:VerifyIPAddress	80	static
../examples/upnp/UPnP.c:800:15:CheckDestInLocal	32	static
../examples/upnp/UPnP.c:819:6:data_process_count_handle	4	static
