../Libraries/ioLibrary_Driver/Ethernet/W6300/w6300.c:57:6:WIZCHIP_WRITE	32	static
../Libraries/ioLibrary_Driver/Ethernet/W6300/w6300.c:82:10:WIZCHIP_READ	32	static
../Libraries/ioLibrary_Driver/Ethernet/W6300/w6300.c:109:6:WIZCHIP_WRITE_BUF	40	static
../Libraries/ioLibrary_Driver/Ethernet/W6300/w6300.c:134:6:WIZCHIP_READ_BUF	40	static
../Libraries/ioLibrary_Driver/Ethernet/W6300/w6300.c:160:10:getSn_TX_FSR	32	static
../Libraries/ioLibrary_Driver/Ethernet/W6300/w6300.c:170:10:getSn_RX_RSR	32	static
../Libraries/ioLibrary_Driver/Ethernet/W6300/w6300.c:180:6:wiz_send_data	32	static
../Libraries/ioLibrary_Driver/Ethernet/W6300/w6300.c:221:6:wiz_recv_data	32	static
../Libraries/ioLibrary_Driver/Ethernet/W6300/w6300.c:234:6:wiz_recv_ignore	24	static
../Libraries/ioLibrary_Driver/Ethernet/W6300/w6300.c:240:6:wiz_delay_ms	32	static
../Libraries/ioLibrary_Driver/Ethernet/W6300/w6300.c:255:6:wiz_mdio_write	16	static
../Libraries/ioLibrary_Driver/Ethernet/W6300/w6300.c:262:10:wiz_mdio_read	24	static
